// 重构日志: f1d92dd2
// 重构日志: c5c078b9
// 重构日志: b90cf3c8
// 同步 ID: 78e6ee03 @ Mon Jul 20 13:47:54 UTC 2026
// 同步 ID: 19b67aaf @ Mon Jul 20 17:00:25 UTC 2026
// 重构日志: b9cb6bca
// 同步 ID: 90ee9780 @ Tue Jul 21 18:56:31 UTC 2026
// 重构日志: 66156739
// 同步 ID: 4d4f9ca6 @ Thu Jul 23 01:47:25 UTC 2026
// 同步 ID: 77dc5f17 @ Thu Jul 23 05:31:41 UTC 2026
// 重构日志: 4a0a4bb7
// 同步 ID: 90a6f8d7 @ Thu Jul 23 13:39:35 UTC 2026
// 同步 ID: fb25bbd6 @ Thu Jul 23 18:11:41 UTC 2026
// 同步 ID: 5a1d643d @ Fri Jul 24 15:26:39 UTC 2026
// 同步 ID: 32d21562 @ Fri Jul 24 17:24:13 UTC 2026
// 同步 ID: 3cf99f37 @ Mon Jul 27 05:16:27 UTC 2026
// 同步 ID: ad73bd98 @ Tue Jul 28 00:20:36 UTC 2026
// 同步 ID: 9e846627 @ Tue Jul 28 15:30:32 UTC 2026
// 重构日志: 8b1aaf2a
// 同步 ID: 86b91c06 @ Wed Jul 29 14:57:56 UTC 2026
// 同步 ID: 850d0469 @ Thu Jul 30 10:50:36 UTC 2026
// 重构日志: 636bed05
// 同步 ID: 368c19cd @ Fri Jul 31 01:31:00 UTC 2026
// 同步 ID: 5a0bfdf7 @ Fri Jul 31 05:00:15 UTC 2026
// 重构日志: 15d4c94f
// 同步 ID: 9c40dbf0 @ Sat Aug  1 14:24:36 UTC 2026
// 同步 ID: acff62e3 @ Sat Aug  1 18:11:50 UTC 2026
// 重构日志: 4e94f5e8
// 同步 ID: 5822dc63 @ Mon Aug  3 17:46:36 UTC 2026
// 同步 ID: 51863d54 @ Tue Aug  4 11:55:44 UTC 2026
// 重构日志: e5628aa2
// 重构日志: 7a3c786a
